
> door-lock-recon@1.0.0 test:full
> node test/extraction.test.js --refresh


╔══════════════════════════════════════════════════════╗
║  UK LOCK-SPEC RECON — EXTRACTION TEST SUITE         ║
╚══════════════════════════════════════════════════════╝

► TEST GROUP 1: API Connectivity + Fresh Scrape

  ℹ️  Triggering fresh scrape (this takes ~2 mins with optimisations)…

  ✅ PASS │ GET http://127.0.0.1:3000/api/locks?refresh=true returns HTTP 200
  ✅ PASS │ Response is valid JSON object
  ✅ PASS │ Response status is "ok"
  ✅ PASS │ Response contains "locks" array
  ✅ PASS │ Response is a fresh scrape (not cached)

► TEST GROUP 2: Extraction Volume

  ✅ PASS │ ≥ 4/5 targets succeeded
  ✅ PASS │ At least 1 lock extracted

► TEST GROUP 3: Per-Lock Field Validation (5 locks)

  ── Lock[0] Yale Yale Platinum 3 Star Euro Single Cylinder ──
  ✅ PASS │ Lock[0] Yale Yale Platinum 3 Star Euro Single Cylinder has field "manufacturer"
  ✅ PASS │ Lock[0] Yale Yale Platinum 3 Star Euro Single Cylinder has field "model_name"
  ✅ PASS │ Lock[0] Yale Yale Platinum 3 Star Euro Single Cylinder has field "security_accreditations"
  ✅ PASS │ Lock[0] Yale Yale Platinum 3 Star Euro Single Cylinder has field "price_gbp"
  ✅ PASS │ Lock[0] Yale Yale Platinum 3 Star Euro Single Cylinder has field "product_url"
  ✅ PASS │ Lock[0] Yale Yale Platinum 3 Star Euro Single Cylinder has field "lock_image"
  ✅ PASS │ Lock[0] Yale Yale Platinum 3 Star Euro Single Cylinder has field "reviews"
  ✅ PASS │ Lock[0] Yale Yale Platinum 3 Star Euro Single Cylinder has ≥1 valid accreditation
  ✅ PASS │ Lock[0] Yale Yale Platinum 3 Star Euro Single Cylinder price_gbp is £X.XX or N/A
  ✅ PASS │ Lock[0] Yale Yale Platinum 3 Star Euro Single Cylinder reviews is null (acceptable if no API key)
  ✅ PASS │ Lock[0] Yale Yale Platinum 3 Star Euro Single Cylinder model_name is non-empty string
  ✅ PASS │ Lock[0] Yale Yale Platinum 3 Star Euro Single Cylinder product_url is a real URL
  ✅ PASS │ Lock[0] Yale Yale Platinum 3 Star Euro Single Cylinder lock_image is a real image URL
  ✅ PASS │ Lock[0] Yale Yale Platinum 3 Star Euro Single Cylinder price_gbp is a real £ value

  ── Lock[1] Ultion Ultion 3 Star PLUS Lock ──
  ✅ PASS │ Lock[1] Ultion Ultion 3 Star PLUS Lock has field "manufacturer"
  ✅ PASS │ Lock[1] Ultion Ultion 3 Star PLUS Lock has field "model_name"
  ✅ PASS │ Lock[1] Ultion Ultion 3 Star PLUS Lock has field "security_accreditations"
  ✅ PASS │ Lock[1] Ultion Ultion 3 Star PLUS Lock has field "price_gbp"
  ✅ PASS │ Lock[1] Ultion Ultion 3 Star PLUS Lock has field "product_url"
  ✅ PASS │ Lock[1] Ultion Ultion 3 Star PLUS Lock has field "lock_image"
  ✅ PASS │ Lock[1] Ultion Ultion 3 Star PLUS Lock has field "reviews"
  ✅ PASS │ Lock[1] Ultion Ultion 3 Star PLUS Lock has ≥1 valid accreditation
  ✅ PASS │ Lock[1] Ultion Ultion 3 Star PLUS Lock price_gbp is £X.XX or N/A
  ✅ PASS │ Lock[1] Ultion Ultion 3 Star PLUS Lock reviews is null (acceptable if no API key)
  ✅ PASS │ Lock[1] Ultion Ultion 3 Star PLUS Lock model_name is non-empty string
  ✅ PASS │ Lock[1] Ultion Ultion 3 Star PLUS Lock product_url is a real URL
  ✅ PASS │ Lock[1] Ultion Ultion 3 Star PLUS Lock lock_image is a real image URL
  ✅ PASS │ Lock[1] Ultion Ultion 3 Star PLUS Lock price_gbp is a real £ value

  ── Lock[2] Mul-T-Lock Mul-t-Lock Integrator XP 3 Star Break Secure Snap Safe Euro Cylinder Lock ──
  ✅ PASS │ Lock[2] Mul-T-Lock Mul-t-Lock Integrator XP 3 Star Break Secure Snap Safe Euro Cylinder Lock has field "manufacturer"
  ✅ PASS │ Lock[2] Mul-T-Lock Mul-t-Lock Integrator XP 3 Star Break Secure Snap Safe Euro Cylinder Lock has field "model_name"
  ✅ PASS │ Lock[2] Mul-T-Lock Mul-t-Lock Integrator XP 3 Star Break Secure Snap Safe Euro Cylinder Lock has field "security_accreditations"
  ✅ PASS │ Lock[2] Mul-T-Lock Mul-t-Lock Integrator XP 3 Star Break Secure Snap Safe Euro Cylinder Lock has field "price_gbp"
  ✅ PASS │ Lock[2] Mul-T-Lock Mul-t-Lock Integrator XP 3 Star Break Secure Snap Safe Euro Cylinder Lock has field "product_url"
  ✅ PASS │ Lock[2] Mul-T-Lock Mul-t-Lock Integrator XP 3 Star Break Secure Snap Safe Euro Cylinder Lock has field "lock_image"
  ✅ PASS │ Lock[2] Mul-T-Lock Mul-t-Lock Integrator XP 3 Star Break Secure Snap Safe Euro Cylinder Lock has field "reviews"
  ✅ PASS │ Lock[2] Mul-T-Lock Mul-t-Lock Integrator XP 3 Star Break Secure Snap Safe Euro Cylinder Lock has ≥1 valid accreditation
  ✅ PASS │ Lock[2] Mul-T-Lock Mul-t-Lock Integrator XP 3 Star Break Secure Snap Safe Euro Cylinder Lock price_gbp is £X.XX or N/A
  ✅ PASS │ Lock[2] Mul-T-Lock Mul-t-Lock Integrator XP 3 Star Break Secure Snap Safe Euro Cylinder Lock reviews is null (acceptable if no API key)
  ✅ PASS │ Lock[2] Mul-T-Lock Mul-t-Lock Integrator XP 3 Star Break Secure Snap Safe Euro Cylinder Lock model_name is non-empty string
  ✅ PASS │ Lock[2] Mul-T-Lock Mul-t-Lock Integrator XP 3 Star Break Secure Snap Safe Euro Cylinder Lock product_url is a real URL
  ✅ PASS │ Lock[2] Mul-T-Lock Mul-t-Lock Integrator XP 3 Star Break Secure Snap Safe Euro Cylinder Lock lock_image is a real image URL
  ✅ PASS │ Lock[2] Mul-T-Lock Mul-t-Lock Integrator XP 3 Star Break Secure Snap Safe Euro Cylinder Lock price_gbp is a real £ value

  ── Lock[3] ERA ERA BS Kitemarked 3*** 6 Pin Invincible Double Door Cylinder ──
  ✅ PASS │ Lock[3] ERA ERA BS Kitemarked 3*** 6 Pin Invincible Double Door Cylinder has field "manufacturer"
  ✅ PASS │ Lock[3] ERA ERA BS Kitemarked 3*** 6 Pin Invincible Double Door Cylinder has field "model_name"
  ✅ PASS │ Lock[3] ERA ERA BS Kitemarked 3*** 6 Pin Invincible Double Door Cylinder has field "security_accreditations"
  ✅ PASS │ Lock[3] ERA ERA BS Kitemarked 3*** 6 Pin Invincible Double Door Cylinder has field "price_gbp"
  ✅ PASS │ Lock[3] ERA ERA BS Kitemarked 3*** 6 Pin Invincible Double Door Cylinder has field "product_url"
  ✅ PASS │ Lock[3] ERA ERA BS Kitemarked 3*** 6 Pin Invincible Double Door Cylinder has field "lock_image"
  ✅ PASS │ Lock[3] ERA ERA BS Kitemarked 3*** 6 Pin Invincible Double Door Cylinder has field "reviews"
  ✅ PASS │ Lock[3] ERA ERA BS Kitemarked 3*** 6 Pin Invincible Double Door Cylinder has ≥1 valid accreditation
  ✅ PASS │ Lock[3] ERA ERA BS Kitemarked 3*** 6 Pin Invincible Double Door Cylinder price_gbp is £X.XX or N/A
  ✅ PASS │ Lock[3] ERA ERA BS Kitemarked 3*** 6 Pin Invincible Double Door Cylinder reviews is null (acceptable if no API key)
  ✅ PASS │ Lock[3] ERA ERA BS Kitemarked 3*** 6 Pin Invincible Double Door Cylinder model_name is non-empty string
  ✅ PASS │ Lock[3] ERA ERA BS Kitemarked 3*** 6 Pin Invincible Double Door Cylinder product_url is a real URL
  ✅ PASS │ Lock[3] ERA ERA BS Kitemarked 3*** 6 Pin Invincible Double Door Cylinder lock_image is a real image URL
  ✅ PASS │ Lock[3] ERA ERA BS Kitemarked 3*** 6 Pin Invincible Double Door Cylinder price_gbp is a real £ value

  ── Lock[4] Asec Asec Kite 3 Star Euro Cylinder ──
  ✅ PASS │ Lock[4] Asec Asec Kite 3 Star Euro Cylinder has field "manufacturer"
  ✅ PASS │ Lock[4] Asec Asec Kite 3 Star Euro Cylinder has field "model_name"
  ✅ PASS │ Lock[4] Asec Asec Kite 3 Star Euro Cylinder has field "security_accreditations"
  ✅ PASS │ Lock[4] Asec Asec Kite 3 Star Euro Cylinder has field "price_gbp"
  ✅ PASS │ Lock[4] Asec Asec Kite 3 Star Euro Cylinder has field "product_url"
  ✅ PASS │ Lock[4] Asec Asec Kite 3 Star Euro Cylinder has field "lock_image"
  ✅ PASS │ Lock[4] Asec Asec Kite 3 Star Euro Cylinder has field "reviews"
  ✅ PASS │ Lock[4] Asec Asec Kite 3 Star Euro Cylinder has ≥1 valid accreditation
  ✅ PASS │ Lock[4] Asec Asec Kite 3 Star Euro Cylinder price_gbp is £X.XX or N/A
  ✅ PASS │ Lock[4] Asec Asec Kite 3 Star Euro Cylinder reviews is null (acceptable if no API key)
  ✅ PASS │ Lock[4] Asec Asec Kite 3 Star Euro Cylinder model_name is non-empty string
  ✅ PASS │ Lock[4] Asec Asec Kite 3 Star Euro Cylinder product_url is a real URL
  ✅ PASS │ Lock[4] Asec Asec Kite 3 Star Euro Cylinder lock_image is a real image URL
  ✅ PASS │ Lock[4] Asec Asec Kite 3 Star Euro Cylinder price_gbp is a real £ value


► TEST GROUP 4: Status / Telemetry Endpoint

  ✅ PASS │ GET /api/status returns HTTP 200
  ✅ PASS │ /api/status returns JSON object
  ✅ PASS │ /api/status has "status" field

╔══════════════════════════════════════════════════════╗
║  TEST RESULTS: 80/80 passed (100%)               ║
║  STATUS: ✅ ALL TESTS PASSED            ║
╚══════════════════════════════════════════════════════╝

