
> door-lock-recon@1.0.0 test:full
> node test/extraction.test.js --refresh


â•”â•â•â•â•â•â•â•â•â•â•â•â•â•â•â•â•â•â•â•â•â•â•â•â•â•â•â•â•â•â•â•â•â•â•â•â•â•â•â•â•â•â•â•â•â•â•â•â•â•â•â•â•â•â•â•—
â•‘  UK LOCK-SPEC RECON â€” EXTRACTION TEST SUITE         â•‘
â•šâ•â•â•â•â•â•â•â•â•â•â•â•â•â•â•â•â•â•â•â•â•â•â•â•â•â•â•â•â•â•â•â•â•â•â•â•â•â•â•â•â•â•â•â•â•â•â•â•â•â•â•â•â•â•â•

â–º TEST GROUP 1: API Connectivity + Fresh Scrape

  â„¹ï¸  Triggering fresh scrape (this takes ~2 mins with optimisations)â€¦

  âœ… PASS â”‚ GET http://127.0.0.1:3000/api/locks?refresh=true returns HTTP 200
  âœ… PASS â”‚ Response is valid JSON object
  âœ… PASS â”‚ Response status is "ok"
  âœ… PASS â”‚ Response contains "locks" array
  âœ… PASS â”‚ Response is a fresh scrape (not cached)

â–º TEST GROUP 2: Extraction Volume

  âœ… PASS â”‚ â‰¥ 4/5 targets succeeded
  âœ… PASS â”‚ At least 1 lock extracted

â–º TEST GROUP 3: Per-Lock Field Validation (5 locks)

  â”€â”€ Lock[0] Yale Yale Platinum 3 Star Euro Single Cylinder â”€â”€
  âœ… PASS â”‚ Lock[0] Yale Yale Platinum 3 Star Euro Single Cylinder has field "manufacturer"
  âœ… PASS â”‚ Lock[0] Yale Yale Platinum 3 Star Euro Single Cylinder has field "model_name"
  âœ… PASS â”‚ Lock[0] Yale Yale Platinum 3 Star Euro Single Cylinder has field "security_accreditations"
  âœ… PASS â”‚ Lock[0] Yale Yale Platinum 3 Star Euro Single Cylinder has field "price_gbp"
  âœ… PASS â”‚ Lock[0] Yale Yale Platinum 3 Star Euro Single Cylinder has field "product_url"
  âœ… PASS â”‚ Lock[0] Yale Yale Platinum 3 Star Euro Single Cylinder has field "lock_image"
  âœ… PASS â”‚ Lock[0] Yale Yale Platinum 3 Star Euro Single Cylinder has field "reviews"
  âœ… PASS â”‚ Lock[0] Yale Yale Platinum 3 Star Euro Single Cylinder has â‰¥1 valid accreditation
  âœ… PASS â”‚ Lock[0] Yale Yale Platinum 3 Star Euro Single Cylinder price_gbp is Â£X.XX or N/A
  âœ… PASS â”‚ Lock[0] Yale Yale Platinum 3 Star Euro Single Cylinder reviews is null (acceptable if no API key)
  âœ… PASS â”‚ Lock[0] Yale Yale Platinum 3 Star Euro Single Cylinder model_name is non-empty string
  âœ… PASS â”‚ Lock[0] Yale Yale Platinum 3 Star Euro Single Cylinder product_url is a real URL
  âœ… PASS â”‚ Lock[0] Yale Yale Platinum 3 Star Euro Single Cylinder lock_image is a real image URL
  âœ… PASS â”‚ Lock[0] Yale Yale Platinum 3 Star Euro Single Cylinder price_gbp is a real Â£ value

  â”€â”€ Lock[1] Ultion Ultion 3 Star PLUS Lock â”€â”€
  âœ… PASS â”‚ Lock[1] Ultion Ultion 3 Star PLUS Lock has field "manufacturer"
  âœ… PASS â”‚ Lock[1] Ultion Ultion 3 Star PLUS Lock has field "model_name"
  âœ… PASS â”‚ Lock[1] Ultion Ultion 3 Star PLUS Lock has field "security_accreditations"
  âœ… PASS â”‚ Lock[1] Ultion Ultion 3 Star PLUS Lock has field "price_gbp"
  âœ… PASS â”‚ Lock[1] Ultion Ultion 3 Star PLUS Lock has field "product_url"
  âœ… PASS â”‚ Lock[1] Ultion Ultion 3 Star PLUS Lock has field "lock_image"
  âœ… PASS â”‚ Lock[1] Ultion Ultion 3 Star PLUS Lock has field "reviews"
  âœ… PASS â”‚ Lock[1] Ultion Ultion 3 Star PLUS Lock has â‰¥1 valid accreditation
  âœ… PASS â”‚ Lock[1] Ultion Ultion 3 Star PLUS Lock price_gbp is Â£X.XX or N/A
  âœ… PASS â”‚ Lock[1] Ultion Ultion 3 Star PLUS Lock reviews is null (acceptable if no API key)
  âœ… PASS â”‚ Lock[1] Ultion Ultion 3 Star PLUS Lock model_name is non-empty string
  âœ… PASS â”‚ Lock[1] Ultion Ultion 3 Star PLUS Lock product_url is a real URL
  âœ… PASS â”‚ Lock[1] Ultion Ultion 3 Star PLUS Lock lock_image is a real image URL
  âœ… PASS â”‚ Lock[1] Ultion Ultion 3 Star PLUS Lock price_gbp is a real Â£ value

  â”€â”€ Lock[2] Mul-T-Lock Mul-t-Lock Integrator XP 3 Star Break Secure Snap Safe Euro Cylinder Lock â”€â”€
  âœ… PASS â”‚ Lock[2] Mul-T-Lock Mul-t-Lock Integrator XP 3 Star Break Secure Snap Safe Euro Cylinder Lock has field "manufacturer"
  âœ… PASS â”‚ Lock[2] Mul-T-Lock Mul-t-Lock Integrator XP 3 Star Break Secure Snap Safe Euro Cylinder Lock has field "model_name"
  âœ… PASS â”‚ Lock[2] Mul-T-Lock Mul-t-Lock Integrator XP 3 Star Break Secure Snap Safe Euro Cylinder Lock has field "security_accreditations"
  âœ… PASS â”‚ Lock[2] Mul-T-Lock Mul-t-Lock Integrator XP 3 Star Break Secure Snap Safe Euro Cylinder Lock has field "price_gbp"
  âœ… PASS â”‚ Lock[2] Mul-T-Lock Mul-t-Lock Integrator XP 3 Star Break Secure Snap Safe Euro Cylinder Lock has field "product_url"
  âœ… PASS â”‚ Lock[2] Mul-T-Lock Mul-t-Lock Integrator XP 3 Star Break Secure Snap Safe Euro Cylinder Lock has field "lock_image"
  âœ… PASS â”‚ Lock[2] Mul-T-Lock Mul-t-Lock Integrator XP 3 Star Break Secure Snap Safe Euro Cylinder Lock has field "reviews"
  âœ… PASS â”‚ Lock[2] Mul-T-Lock Mul-t-Lock Integrator XP 3 Star Break Secure Snap Safe Euro Cylinder Lock has â‰¥1 valid accreditation
  âœ… PASS â”‚ Lock[2] Mul-T-Lock Mul-t-Lock Integrator XP 3 Star Break Secure Snap Safe Euro Cylinder Lock price_gbp is Â£X.XX or N/A
  âœ… PASS â”‚ Lock[2] Mul-T-Lock Mul-t-Lock Integrator XP 3 Star Break Secure Snap Safe Euro Cylinder Lock reviews is null (acceptable if no API key)
  âœ… PASS â”‚ Lock[2] Mul-T-Lock Mul-t-Lock Integrator XP 3 Star Break Secure Snap Safe Euro Cylinder Lock model_name is non-empty string
  âœ… PASS â”‚ Lock[2] Mul-T-Lock Mul-t-Lock Integrator XP 3 Star Break Secure Snap Safe Euro Cylinder Lock product_url is a real URL
  âœ… PASS â”‚ Lock[2] Mul-T-Lock Mul-t-Lock Integrator XP 3 Star Break Secure Snap Safe Euro Cylinder Lock lock_image is a real image URL
  âœ… PASS â”‚ Lock[2] Mul-T-Lock Mul-t-Lock Integrator XP 3 Star Break Secure Snap Safe Euro Cylinder Lock price_gbp is a real Â£ value

  â”€â”€ Lock[3] ERA ERA BS Kitemarked 3*** 6 Pin Invincible Double Door Cylinder â”€â”€
  âœ… PASS â”‚ Lock[3] ERA ERA BS Kitemarked 3*** 6 Pin Invincible Double Door Cylinder has field "manufacturer"
  âœ… PASS â”‚ Lock[3] ERA ERA BS Kitemarked 3*** 6 Pin Invincible Double Door Cylinder has field "model_name"
  âœ… PASS â”‚ Lock[3] ERA ERA BS Kitemarked 3*** 6 Pin Invincible Double Door Cylinder has field "security_accreditations"
  âœ… PASS â”‚ Lock[3] ERA ERA BS Kitemarked 3*** 6 Pin Invincible Double Door Cylinder has field "price_gbp"
  âœ… PASS â”‚ Lock[3] ERA ERA BS Kitemarked 3*** 6 Pin Invincible Double Door Cylinder has field "product_url"
  âœ… PASS â”‚ Lock[3] ERA ERA BS Kitemarked 3*** 6 Pin Invincible Double Door Cylinder has field "lock_image"
  âœ… PASS â”‚ Lock[3] ERA ERA BS Kitemarked 3*** 6 Pin Invincible Double Door Cylinder has field "reviews"
  âœ… PASS â”‚ Lock[3] ERA ERA BS Kitemarked 3*** 6 Pin Invincible Double Door Cylinder has â‰¥1 valid accreditation
  âœ… PASS â”‚ Lock[3] ERA ERA BS Kitemarked 3*** 6 Pin Invincible Double Door Cylinder price_gbp is Â£X.XX or N/A
  âœ… PASS â”‚ Lock[3] ERA ERA BS Kitemarked 3*** 6 Pin Invincible Double Door Cylinder reviews is null (acceptable if no API key)
  âœ… PASS â”‚ Lock[3] ERA ERA BS Kitemarked 3*** 6 Pin Invincible Double Door Cylinder model_name is non-empty string
  âœ… PASS â”‚ Lock[3] ERA ERA BS Kitemarked 3*** 6 Pin Invincible Double Door Cylinder product_url is a real URL
  âœ… PASS â”‚ Lock[3] ERA ERA BS Kitemarked 3*** 6 Pin Invincible Double Door Cylinder lock_image is a real image URL
  âœ… PASS â”‚ Lock[3] ERA ERA BS Kitemarked 3*** 6 Pin Invincible Double Door Cylinder price_gbp is a real Â£ value

  â”€â”€ Lock[4] Asec Asec Kite 3 Star Euro Cylinder â”€â”€
  âœ… PASS â”‚ Lock[4] Asec Asec Kite 3 Star Euro Cylinder has field "manufacturer"
  âœ… PASS â”‚ Lock[4] Asec Asec Kite 3 Star Euro Cylinder has field "model_name"
  âœ… PASS â”‚ Lock[4] Asec Asec Kite 3 Star Euro Cylinder has field "security_accreditations"
  âœ… PASS â”‚ Lock[4] Asec Asec Kite 3 Star Euro Cylinder has field "price_gbp"
  âœ… PASS â”‚ Lock[4] Asec Asec Kite 3 Star Euro Cylinder has field "product_url"
  âœ… PASS â”‚ Lock[4] Asec Asec Kite 3 Star Euro Cylinder has field "lock_image"
  âœ… PASS â”‚ Lock[4] Asec Asec Kite 3 Star Euro Cylinder has field "reviews"
  âœ… PASS â”‚ Lock[4] Asec Asec Kite 3 Star Euro Cylinder has â‰¥1 valid accreditation
  âœ… PASS â”‚ Lock[4] Asec Asec Kite 3 Star Euro Cylinder price_gbp is Â£X.XX or N/A
  âœ… PASS â”‚ Lock[4] Asec Asec Kite 3 Star Euro Cylinder reviews is null (acceptable if no API key)
  âœ… PASS â”‚ Lock[4] Asec Asec Kite 3 Star Euro Cylinder model_name is non-empty string
  âœ… PASS â”‚ Lock[4] Asec Asec Kite 3 Star Euro Cylinder product_url is a real URL
  âœ… PASS â”‚ Lock[4] Asec Asec Kite 3 Star Euro Cylinder lock_image is a real image URL
  âœ… PASS â”‚ Lock[4] Asec Asec Kite 3 Star Euro Cylinder price_gbp is a real Â£ value


â–º TEST GROUP 4: Status / Telemetry Endpoint

  âœ… PASS â”‚ GET /api/status returns HTTP 200
  âœ… PASS â”‚ /api/status returns JSON object
  âœ… PASS â”‚ /api/status has "status" field

â•”â•â•â•â•â•â•â•â•â•â•â•â•â•â•â•â•â•â•â•â•â•â•â•â•â•â•â•â•â•â•â•â•â•â•â•â•â•â•â•â•â•â•â•â•â•â•â•â•â•â•â•â•â•â•â•—
â•‘  TEST RESULTS: 80/80 passed (100%)               â•‘
â•‘  STATUS: âœ… ALL TESTS PASSED            â•‘
â•šâ•â•â•â•â•â•â•â•â•â•â•â•â•â•â•â•â•â•â•â•â•â•â•â•â•â•â•â•â•â•â•â•â•â•â•â•â•â•â•â•â•â•â•â•â•â•â•â•â•â•â•â•â•â•â•

